// Jest Snapshot v1, https://goo.gl/fbAQLP

exports[`Header should render header 1`] = `
<styled.div>
  <Logo
    alt="logo"
    src="http://pngimg.com/uploads/apple_logo/apple_logo_PNG19670.png"
  />
</styled.div>
`;

exports[`Header should render header with routes 1`] = `
<styled.div>
  <Logo
    alt="logo"
    src="http://pngimg.com/uploads/apple_logo/apple_logo_PNG19670.png"
  />
  <Link
    key="route1"
    to="route1"
  >
    route1
  </Link>
  <Link
    key="route2"
    to="route2"
  >
    route2
  </Link>
  <Link
    key="route3"
    to="route3"
  >
    route3
  </Link>
  <Link
    key="route4"
    to="route4"
  >
    route4
  </Link>
</styled.div>
`;
